// Jest Snapshot v1, https://goo.gl/fbAQLP

exports[`HyperLink Renders Correctly 1`] = `null`;
