// Jest Snapshot v1, https://goo.gl/fbAQLP

exports[`Typography H1 Renders Correctly 1`] = `null`;

exports[`Typography H2 Renders Correctly 1`] = `null`;

exports[`Typography H3 Renders Correctly 1`] = `null`;

exports[`Typography Paragraph Renders Correctly 1`] = `null`;
